<html>
<body>
<pre>
<h1>µVision Build Log</h1>
<h2>Tool Versions:</h2>
IDE-Version: µVision V5.29.0.0
Copyright (C) 2019 ARM Ltd and ARM Germany GmbH. All rights reserved.
License Information: Kien Le, HUST, LIC=PL28G-VZSDP-XW328-3BWAN-L72G9-61RG7
 
Tool Versions:
Toolchain:       DK-ARM Developers Kit  Version: 5.29.0.0
Toolchain Path:  C:\Keil_v5\ARM\ARMCC\Bin
C Compiler:      Armcc.exe V5.06 update 6 (build 750)
Assembler:       Armasm.exe V5.06 update 6 (build 750)
Linker/Locator:  ArmLink.exe V5.06 update 6 (build 750)
Library Manager: ArmAr.exe V5.06 update 6 (build 750)
Hex Converter:   FromElf.exe V5.06 update 6 (build 750)
CPU DLL:         SARMCM3.DLL V5.29.0.0
Dialog DLL:      DCM.DLL V1.17.3.0
Target DLL:      STLink\ST-LINKIII-KEIL_SWO.dll V3.0.7.0
Dialog DLL:      TCM.DLL V1.36.5.0
 
<h2>Project:</h2>
G:\Learning\Lab training\BTLHTN\MDK-ARM\BTLHTN.uvprojx
Project File Date:  08/15/2022

<h2>Output:</h2>
*** Using Compiler 'V5.06 update 6 (build 750)', folder: 'C:\Keil_v5\ARM\ARMCC\Bin'
Build target 'BTLHTN'
compiling main.c...
..\MDK-ARM\PinNames.h(182): warning:  #1-D: last line of file ends without a newline
  #endif
..\MDK-ARM\code.h(88): warning:  #1-D: last line of file ends without a newline
  #endif
../Core/Src/main.c: 2 warnings, 0 errors
compiling code.c...
sw_uart.h(56): warning:  #1-D: last line of file ends without a newline
  //#endif /* __SW_UART_H */
PinNames.h(182): warning:  #1-D: last line of file ends without a newline
  #endif
code.h(88): warning:  #1-D: last line of file ends without a newline
  #endif
device.h(206): warning:  #1-D: last line of file ends without a newline
  #endif  /* <Device>_H */
gpio_api.h(110): warning:  #1-D: last line of file ends without a newline
  #endif
code.c(72): warning:  #177-D: variable "i"  was declared but never referenced
      int i;
code.c(73): warning:  #177-D: variable "dfactor"  was declared but never referenced
      int dfactor = 0;
code.c(89): warning:  #177-D: variable "pin_name"  was declared but never referenced
      uint32_t pin_name;
code.c(336): warning:  #550-D: variable "result"  was set but never used
      int result;
code.c: 9 warnings, 0 errors
linking...
Program Size: Code=8688 RO-data=500 RW-data=128 ZI-data=17904  
FromELF: creating hex file...
"BTLHTN\BTLHTN.axf" - 0 Error(s), 11 Warning(s).

<h2>Software Packages used:</h2>

Package Vendor: ARM
                http://www.keil.com/pack/ARM.CMSIS.5.6.0.pack
                ARM.CMSIS.5.6.0
                CMSIS (Cortex Microcontroller Software Interface Standard)
   * Component: CORE Version: 5.3.0

Package Vendor: Keil
                http://www.keil.com/pack/Keil.STM32F4xx_DFP.2.15.0.pack
                Keil.STM32F4xx_DFP.2.15.0
                STMicroelectronics STM32F4 Series Device Support, Drivers and Examples

<h2>Collection of Component include folders:</h2>
  .\RTE\_BTLHTN
  C:\Users\Kien Le\AppData\Local\Arm\Packs\ARM\CMSIS\5.6.0\CMSIS\Core\Include
  C:\Users\Kien Le\AppData\Local\Arm\Packs\Keil\STM32F4xx_DFP\2.15.0\Drivers\CMSIS\Device\ST\STM32F4xx\Include

<h2>Collection of Component Files used:</h2>

   * Component: ARM::CMSIS:CORE:5.3.0
Build Time Elapsed:  00:00:04
</pre>
</body>
</html>
